> Task :app:preBuild UP-TO-DATE
> Task :app:preDebugBuild UP-TO-DATE
> Task :app:mergeDebugNativeDebugMetadata NO-SOURCE
> Task :app:checkKotlinGradlePluginConfigurationErrors SKIPPED
> Task :app:checkDebugAarMetadata UP-TO-DATE
> Task :app:processDebugNavigationResources UP-TO-DATE
> Task :app:compileDebugNavigationResources UP-TO-DATE
> Task :app:generateDebugResValues UP-TO-DATE
> Task :app:processDebugGoogleServices UP-TO-DATE
> Task :app:mapDebugSourceSetPaths UP-TO-DATE
> Task :app:generateDebugResources UP-TO-DATE
> Task :app:mergeDebugResources UP-TO-DATE
> Task :app:packageDebugResources UP-TO-DATE
> Task :app:parseDebugLocalResources UP-TO-DATE
> Task :app:createDebugCompatibleScreenManifests UP-TO-DATE
> Task :app:extractDeepLinksDebug UP-TO-DATE
> Task :app:processDebugMainManifest UP-TO-DATE
> Task :app:processDebugManifest UP-TO-DATE
> Task :app:processDebugManifestForPackage UP-TO-DATE
> Task :app:processDebugResources UP-TO-DATE
> Task :app:javaPreCompileDebug UP-TO-DATE
> Task :app:mergeDebugShaders UP-TO-DATE
> Task :app:compileDebugShaders NO-SOURCE
> Task :app:generateDebugAssets UP-TO-DATE
> Task :app:mergeDebugAssets UP-TO-DATE
> Task :app:compressDebugAssets UP-TO-DATE
> Task :app:checkDebugDuplicateClasses UP-TO-DATE
> Task :app:desugarDebugFileDependencies UP-TO-DATE
> Task :app:mergeExtDexDebug UP-TO-DATE
> Task :app:mergeLibDexDebug UP-TO-DATE
> Task :app:mergeDebugJniLibFolders UP-TO-DATE
> Task :app:mergeDebugNativeLibs UP-TO-DATE
> Task :app:stripDebugDebugSymbols UP-TO-DATE
> Task :app:validateSigningDebug UP-TO-DATE
> Task :app:writeDebugAppMetadata UP-TO-DATE
> Task :app:writeDebugSigningConfigVersions UP-TO-DATE

> Task :app:compileDebugKotlin FAILED
./gradlew : e: file://
/C:/Users/Kushan/Andro
idStudioProjects/Vault
Park/app/src/main/java
/com/kushan/vaultpark/
ui/screens/ManageUsers
Screen.kt:416:43 
Function 
'component1()' is 
ambiguous for this 
expression: 
At line:1 char:1
+ ./gradlew 
app:assembleDebug > 
build_output.txt 2>&1
+ ~~~~~~~~~~~~~~~~~~~~
~~~~~~~~~~~~~~~~~~~~~~
~~~~~~~~~
    + CategoryInfo    
          : NotSpeci  
  fied: (e: file://   
 /C:/U...is expres    
sion: :String) []    
, RemoteException
    + FullyQualifiedE 
   rrorId : NativeCo  
  mmandError
 
fun <T> Array<out 
T>.component1(): T
fun BooleanArray.compo
nent1(): Boolean
fun ByteArray.componen
t1(): Byte
fun CharArray.componen
t1(): Char
fun DoubleArray.compon
ent1(): Double
fun FloatArray.compone
nt1(): Float
fun IntArray.component
1(): Int
fun LongArray.componen
t1(): Long
fun ShortArray.compone
nt1(): Short
fun <T> 
List<T>.component1(): 
T
fun <K, V> 
Map.Entry<K, 
V>.component1(): K
fun UByteArray.compone
nt1(): UByte
fun UIntArray.componen
t1(): UInt
fun ULongArray.compone
nt1(): ULong
fun UShortArray.compon
ent1(): UShort.
e: file:///C:/Users/Ku
shan/AndroidStudioProj
ects/VaultPark/app/src
/main/java/com/kushan/
vaultpark/ui/screens/M
anageUsersScreen.kt:41
6:43 Function 
'component2()' is 
ambiguous for this 
expression: 
fun <T> Array<out 
T>.component2(): T
fun BooleanArray.compo
nent2(): Boolean
fun ByteArray.componen
t2(): Byte
fun CharArray.componen
t2(): Char
fun DoubleArray.compon
ent2(): Double
fun FloatArray.compone
nt2(): Float
fun IntArray.component
2(): Int
fun LongArray.componen
t2(): Long
fun ShortArray.compone
nt2(): Short
fun <T> 
List<T>.component2(): 
T
fun <K, V> 
Map.Entry<K, 
V>.component2(): V
fun UByteArray.compone
nt2(): UByte
fun UIntArray.componen
t2(): UInt
fun ULongArray.compone
nt2(): ULong
fun UShortArray.compon
ent2(): UShort.
e: file:///C:/Users/Ku
shan/AndroidStudioProj
ects/VaultPark/app/src
/main/java/com/kushan/
vaultpark/ui/screens/M
anageUsersScreen.kt:41
7:23 Unresolved 
reference 
'PrimaryBlue'.
e: file:///C:/Users/Ku
shan/AndroidStudioProj
ects/VaultPark/app/src
/main/java/com/kushan/
vaultpark/ui/screens/M
anageUsersScreen.kt:41
7:23 Argument type 
mismatch: actual type 
is 'kotlin.Pair<A, 
B>', but 'K' was 
expected.
e: file:///C:/Users/Ku
shan/AndroidStudioProj
ects/VaultPark/app/src
/main/java/com/kushan/
vaultpark/ui/screens/M
anageUsersScreen.kt:41
7:35 Cannot infer 
type for this 
parameter. Please 
specify it explicitly.
e: file:///C:/Users/Ku
shan/AndroidStudioProj
ects/VaultPark/app/src
/main/java/com/kushan/
vaultpark/ui/screens/M
anageUsersScreen.kt:41
8:21 Argument type 
mismatch: actual type 
is 'kotlin.Pair<androi
dx.compose.ui.graphics
.Color, androidx.compo
se.ui.graphics.Color>'
, but 'K' was 
expected.
e: file:///C:/Users/Ku
shan/AndroidStudioProj
ects/VaultPark/app/src
/main/java/com/kushan/
vaultpark/ui/screens/M
anageUsersScreen.kt:41
9:17 Argument type 
mismatch: actual type 
is 'kotlin.Pair<androi
dx.compose.ui.graphics
.Color, androidx.compo
se.ui.graphics.Color>'
, but 'K' was 
expected.

FAILURE: Build failed 
with an exception.

* What went wrong:
31 actionable tasks: 1 executed, 30 up-to-date
Execution failed for 
task ':app:compileDebu
gKotlin'.
> A failure occurred 
while executing org.je
tbrains.kotlin.compile
rRunner.GradleCompiler
RunnerWithWorkers$Grad
leKotlinCompilerWorkAc
tion
   > Compilation 
error. See log for 
more details

* Try:
> Run with 
--stacktrace option 
to get the stack 
trace.
> Run with --info or 
--debug option to get 
more log output.
> Run with --scan to 
get full insights.
> Get more help at htt
ps://help.gradle.org.

BUILD FAILED in 7s
